<area shape="rect" href="AggrPkt.html" title="Message AggrPkt" alt="" coords="5,5,77,32">
<area shape="rect" href="AirFrame.html" title="Packet AirFrame" alt="" coords="101,5,176,32">
<area shape="rect" href="AirFrameUWBIR.html" title="Message AirFrameUWBIR" alt="" coords="79,80,199,107">
<area shape="rect" href="ApplPkt.html" title="Packet ApplPkt" alt="" coords="200,5,272,32">
<area shape="rect" href="BorderMsg.html" title="Packet BorderMsg" alt="" coords="296,5,381,32">
<area shape="rect" href="ChannelSenseRequest.html" title="Packet ChannelSenseRequest" alt="" coords="405,5,563,32">
<area shape="rect" href="DummyRoutePkt.html" title="Message DummyRoutePkt" alt="" coords="391,80,513,107">
<area shape="rect" href="NetwPkt.html" title="Packet NetwPkt" alt="" coords="587,5,659,32">
<area shape="rect" href="ProbabilisticBroadcastPkt.html" title="Message ProbabilisticBroadcastPkt" alt="" coords="537,80,708,107">
<area shape="rect" href="WiseRoutePkt.html" title="Message WiseRoutePkt" alt="" coords="732,80,836,107">
<area shape="rect" href="LMacPkt.html" title="Message LMacPkt" alt="" coords="860,80,932,107">
<area shape="rect" href="MacPkt.html" title="Packet MacPkt" alt="" coords="971,5,1043,32">
<area shape="rect" href="Mac80211Pkt.html" title="Packet Mac80211Pkt" alt="" coords="956,80,1057,107">
<area shape="rect" href="UWBIRMacPkt.html" title="Message UWBIRMacPkt" alt="" coords="1081,80,1191,107">
<area shape="rect" href="SenseMode.html" title="Enum SenseMode" alt="" coords="1067,5,1157,32">
