<area shape="rect" href="org.mixim.modules.netw.AdaptiveProbabilisticBroadcast.html" title="Simple Module AdaptiveProbabilisticBroadcast" alt="" coords="523,229,728,256">
<area shape="rect" href="org.mixim.modules.netw.ProbabilisticBroadcast.html" title="Simple Module ProbabilisticBroadcast" alt="" coords="549,155,701,181">
<area shape="rect" href="org.mixim.modules.transport.Aggregation.html" title="Simple Module Aggregation" alt="" coords="380,80,473,107">
<area shape="rect" href="org.mixim.base.modules.BaseLayer.html" title="Simple Module BaseLayer" alt="" coords="512,5,597,32">
<area shape="rect" href="org.mixim.base.modules.BaseMacLayer.html" title="Simple Module BaseMacLayer" alt="" coords="1316,80,1425,107">
<area shape="rect" href="org.mixim.base.modules.BaseNetwLayer.html" title="Simple Module BaseNetwLayer" alt="" coords="497,80,612,107">
<area shape="rect" href="org.mixim.base.modules.IBaseNetwLayer.html" title="Module Interface IBaseNetwLayer" alt="" coords="369,5,487,32">
<area shape="rect" href="org.mixim.modules.mac.AlohaMacLayer.html" title="Simple Module AlohaMacLayer" alt="" coords="1315,229,1427,256">
<area shape="rect" href="org.mixim.modules.mac.UWBIRMac.html" title="Simple Module UWBIRMac" alt="" coords="1325,155,1416,181">
<area shape="rect" href="org.mixim.examples.analogueModels.AnalogueModels.html" title="Network AnalogueModels" alt="" coords="1449,80,1569,107">
<area shape="rect" href="org.mixim.examples.baseNetwork.BaseNetwork.html" title="Network BaseNetwork" alt="" coords="2364,5,2463,32">
<area shape="rect" href="org.mixim.examples.BaseMoBANNetwork.BaseMoBANNetwork.html" title="Network BaseMoBANNetwork" alt="" coords="1593,80,1740,107">
<area shape="rect" href="org.mixim.examples.bmac.BMACExampleNetwork.html" title="Network BMACExampleNetwork" alt="" coords="1764,80,1924,107">
<area shape="rect" href="org.mixim.examples.CSMAMac.CSMAMacExampleNetwork.html" title="Network CSMAMacExampleNetwork" alt="" coords="1948,80,2132,107">
<area shape="rect" href="org.mixim.tests.ExtTestNetwork.html" title="Network ExtTestNetwork" alt="" coords="2156,80,2271,107">
<area shape="rect" href="org.mixim.examples.ieee802154a.ieee802154a.html" title="Network ieee802154a" alt="" coords="2295,80,2393,107">
<area shape="rect" href="org.mixim.examples.ieee802154Narrow.ieee802154Narrow.html" title="Network ieee802154Narrow" alt="" coords="2417,80,2551,107">
<area shape="rect" href="org.mixim.examples.lmac.LMACExampleNetwork.html" title="Network LMACExampleNetwork" alt="" coords="2575,80,2732,107">
<area shape="rect" href="org.mixim.examples.Mac80211.Mac80211ExampleNet.html" title="Network Mac80211ExampleNet" alt="" coords="2756,80,2911,107">
<area shape="rect" href="org.mixim.examples.multiConnectionManager.MultiConnectionManager.html" title="Network MultiConnectionManager" alt="" coords="2935,80,3103,107">
<area shape="rect" href="org.mixim.tests.power.Nic80211Test.Nic80211PowerTest.html" title="Network Nic80211PowerTest" alt="" coords="3127,80,3268,107">
<area shape="rect" href="org.mixim.examples.WSNRouting.WSNRouting.html" title="Network WSNRouting" alt="" coords="3292,80,3391,107">
<area shape="rect" href="org.mixim.modules.mobility.ANSimMobility.html" title="Simple Module ANSimMobility" alt="" coords="2639,155,2745,181">
<area shape="rect" href="org.mixim.base.modules.BaseMobility.html" title="Simple Module BaseMobility" alt="" coords="3415,80,3511,107">
<area shape="rect" href="org.mixim.modules.mobility.BonnMotionMobility.html" title="Simple Module BonnMotionMobility" alt="" coords="2769,155,2905,181">
<area shape="rect" href="org.mixim.modules.mobility.CircleMobility.html" title="Simple Module CircleMobility" alt="" coords="2929,155,3028,181">
<area shape="rect" href="org.mixim.modules.mobility.ConstSpeedMobility.html" title="Simple Module ConstSpeedMobility" alt="" coords="3052,155,3191,181">
<area shape="rect" href="org.mixim.modules.mobility.LinearMobility.html" title="Simple Module LinearMobility" alt="" coords="3215,155,3319,181">
<area shape="rect" href="org.mixim.modules.mobility.MassMobility.html" title="Simple Module MassMobility" alt="" coords="3343,155,3441,181">
<area shape="rect" href="org.mixim.modules.mobility.MoBANCoordinator.html" title="Simple Module MoBANCoordinator" alt="" coords="3465,155,3601,181">
<area shape="rect" href="org.mixim.modules.mobility.MoBANLocal.html" title="Simple Module MoBANLocal" alt="" coords="3625,155,3724,181">
<area shape="rect" href="org.mixim.modules.mobility.RectangleMobility.html" title="Simple Module RectangleMobility" alt="" coords="3748,155,3873,181">
<area shape="rect" href="org.mixim.modules.mobility.StationaryMobility.html" title="Simple Module StationaryMobility" alt="" coords="3897,155,4023,181">
<area shape="rect" href="org.mixim.modules.mobility.TractorMobility.html" title="Simple Module TractorMobility" alt="" coords="4047,155,4156,181">
<area shape="rect" href="org.mixim.modules.mobility.TurtleMobility.html" title="Simple Module TurtleMobility" alt="" coords="4180,155,4279,181">
<area shape="rect" href="org.mixim.modules.netw.ArpHost.html" title="Simple Module ArpHost" alt="" coords="4303,155,4375,181">
<area shape="rect" href="org.mixim.base.modules.BaseArp.html" title="Simple Module BaseArp" alt="" coords="4303,80,4375,107">
<area shape="rect" href="org.mixim.base.modules.IBaseArp.html" title="Module Interface IBaseArp" alt="" coords="4301,5,4376,32">
<area shape="rect" href="org.mixim.base.modules.BaseBattery.html" title="Simple Module BaseBattery" alt="" coords="4404,5,4497,32">
<area shape="rect" href="org.mixim.modules.power.battery.SimpleBattery.html" title="Simple Module SimpleBattery" alt="" coords="4399,80,4503,107">
<area shape="rect" href="org.mixim.modules.mac.BMacLayer.html" title="Simple Module BMacLayer" alt="" coords="1440,155,1528,181">
<area shape="rect" href="org.mixim.modules.mac.csma.html" title="Simple Module csma" alt="" coords="1552,155,1624,181">
<area shape="rect" href="org.mixim.modules.mac.CSMAMacLayer.html" title="Simple Module CSMAMacLayer" alt="" coords="1648,155,1765,181">
<area shape="rect" href="org.mixim.modules.mac.LMacLayer.html" title="Simple Module LMacLayer" alt="" coords="1789,155,1875,181">
<area shape="rect" href="org.mixim.modules.mac.Mac80211.html" title="Simple Module Mac80211" alt="" coords="947,155,1029,181">
<area shape="rect" href="org.mixim.examples.analogueModels.SimpleMacLayer.html" title="Simple Module SimpleMacLayer" alt="" coords="1053,155,1173,181">
<area shape="rect" href="org.mixim.tests.basePhyLayer.TestMacLayer.html" title="Simple Module TestMacLayer" alt="" coords="1197,155,1301,181">
<area shape="rect" href="org.mixim.modules.netw.DummyRoute.html" title="Simple Module DummyRoute" alt="" coords="725,155,827,181">
<area shape="rect" href="org.mixim.modules.netw.Flood.html" title="Simple Module Flood" alt="" coords="851,155,923,181">
<area shape="rect" href="org.mixim.examples.ieee802154Narrow.NetworkStackTrafficGen.html" title="Simple Module NetworkStackTrafficGen" alt="" coords="5,155,171,181">
<area shape="rect" href="org.mixim.examples.CSMAMac.SimpleNetwLayer.html" title="Simple Module SimpleNetwLayer" alt="" coords="195,155,320,181">
<area shape="rect" href="org.mixim.tests.nicTest.TestApp.html" title="Simple Module TestApp" alt="" coords="344,155,416,181">
<area shape="rect" href="org.mixim.modules.netw.WiseRoute.html" title="Simple Module WiseRoute" alt="" coords="440,155,525,181">
<area shape="rect" href="org.mixim.base.modules.IWirelessMac.html" title="Module Interface IWirelessMac" alt="" coords="1320,5,1421,32">
<area shape="rect" href="org.mixim.modules.mac.CSMA802154.html" title="Simple Module CSMA802154" alt="" coords="1536,229,1640,256">
<area shape="rect" href="org.mixim.modules.mac.Mac80211MultiChannel.html" title="Simple Module Mac80211MultiChannel" alt="" coords="908,229,1068,256">
<area shape="rect" href="org.mixim.base.modules.IMobility.html" title="Module Interface IMobility" alt="" coords="3427,5,3499,32">
<area shape="rect" href="org.mixim.tests.baseMobility.TestBMBaseMobility.html" title="Simple Module TestBMBaseMobility" alt="" coords="3051,229,3192,256">
<area shape="rect" href="org.mixim.tests.baseMobility.BaseMobilityTest.html" title="Simple Module BaseMobilityTest" alt="" coords="3899,229,4021,256">
<area shape="rect" href="org.mixim.tests.connectionManager.ConnectionManagerTestNet.html" title="Network ConnectionManagerTestNet" alt="" coords="1967,155,2153,181">
<area shape="rect" href="org.mixim.tests.nicTest.NicTest.html" title="Network NicTest" alt="" coords="2177,155,2249,181">
<area shape="rect" href="org.mixim.tests.basePhyLayer.tbpSim.html" title="Network tbpSim" alt="" coords="2273,155,2345,181">
<area shape="rect" href="org.mixim.base.phyLayer.BasePhyLayer.html" title="Simple Module BasePhyLayer" alt="" coords="4527,80,4633,107">
<area shape="rect" href="org.mixim.modules.phy.PhyLayer.html" title="Simple Module PhyLayer" alt="" coords="4408,155,4485,181">
<area shape="rect" href="org.mixim.modules.phy.PhyLayerUWBIR.html" title="Simple Module PhyLayerUWBIR" alt="" coords="4509,155,4632,181">
<area shape="rect" href="org.mixim.examples.analogueModels.SamplePhyLayer.html" title="Simple Module SamplePhyLayer" alt="" coords="4656,155,4779,181">
<area shape="rect" href="org.mixim.tests.basePhyLayer.TestPhyLayer.html" title="Simple Module TestPhyLayer" alt="" coords="4803,155,4907,181">
<area shape="rect" href="org.mixim.base.phyLayer.IWirelessPhy.html" title="Module Interface IWirelessPhy" alt="" coords="4531,5,4629,32">
<area shape="rect" href="org.mixim.modules.phy.PhyLayerBattery.html" title="Simple Module PhyLayerBattery" alt="" coords="4387,229,4507,256">
<area shape="rect" href="org.mixim.tests.basePhyLayer.BasePhyTests.html" title="Simple Module BasePhyTests" alt="" coords="5609,155,5716,181">
<area shape="rect" href="org.mixim.tests.testUtils.TestManager.html" title="Simple Module TestManager" alt="" coords="5671,80,5769,107">
<area shape="rect" href="org.mixim.tests.nicTest.NicTests.html" title="Simple Module NicTests" alt="" coords="5740,155,5812,181">
<area shape="rect" href="org.mixim.tests.BaseTestNetwork.html" title="Network BaseTestNetwork" alt="" coords="7316,5,7441,32">
<area shape="rect" href="org.mixim.tests.power.PowerTestNetwork.html" title="Network PowerTestNetwork" alt="" coords="7153,80,7287,107">
<area shape="rect" href="org.mixim.tests.WorldOnlyTestNetwork.html" title="Network WorldOnlyTestNetwork" alt="" coords="7459,80,7616,107">
<area shape="rect" href="org.mixim.tests.power.deviceTestAccts.PowerDeviceTestAcctsNet.html" title="Network PowerDeviceTestAcctsNet" alt="" coords="6747,155,6925,181">
<area shape="rect" href="org.mixim.tests.power.deviceTestAll.PowerDeviceTestAllNet.html" title="Network PowerDeviceTestAllNet" alt="" coords="6949,155,7109,181">
<area shape="rect" href="org.mixim.tests.power.deviceTestMulti.PowerDeviceTestMultiNet.html" title="Network PowerDeviceTestMultiNet" alt="" coords="7133,155,7307,181">
<area shape="rect" href="org.mixim.tests.power.deviceTest.PowerDeviceTestNet.html" title="Network PowerDeviceTestNet" alt="" coords="7331,155,7477,181">
<area shape="rect" href="org.mixim.tests.baseMobility.bmSim.html" title="Network bmSim" alt="" coords="7501,155,7573,181">
<area shape="rect" href="org.mixim.tests.blackboard.sim.html" title="Network sim" alt="" coords="7597,155,7669,181">
<area shape="rect" href="org.mixim.base.modules.BaseWorldUtility.html" title="Simple Module BaseWorldUtility" alt="" coords="7693,80,7811,107">
<area shape="rect" href="org.mixim.examples.ieee802154Narrow.WorldUtilityStats.html" title="Simple Module WorldUtilityStats" alt="" coords="7693,155,7811,181">
<area shape="rect" href="org.mixim.base.modules.IWorldUtility.html" title="Module Interface IWorldUtility" alt="" coords="7707,5,7797,32">
<area shape="rect" href="org.mixim.tests.connectionManager.BasicHost.html" title="Compound Module BasicHost" alt="" coords="7835,80,7915,107">
<area shape="rect" href="org.mixim.tests.TestNode.html" title="Compound Module TestNode" alt="" coords="7941,5,8019,32">
<area shape="rect" href="org.mixim.tests.baseMobility.CrashHost.html" title="Compound Module CrashHost" alt="" coords="7939,80,8021,107">
<area shape="rect" href="org.mixim.tests.power.PowerTestNode.html" title="Compound Module PowerTestNode" alt="" coords="8045,80,8163,107">
<area shape="rect" href="org.mixim.tests.nicTest.TestHost.html" title="Compound Module TestHost" alt="" coords="8392,80,8467,107">
<area shape="rect" href="org.mixim.modules.power.battery.BatteryStats.html" title="Simple Module BatteryStats" alt="" coords="8948,5,9041,32">
<area shape="rect" href="org.mixim.modules.application.BurstApplLayer.html" title="Simple Module BurstApplLayer" alt="" coords="9096,80,9208,107">
<area shape="rect" href="org.mixim.modules.application.BurstApplLayerBattery.html" title="Simple Module BurstApplLayerBattery" alt="" coords="9075,155,9229,181">
<area shape="rect" href="org.mixim.base.modules.IBaseApplLayer.html" title="Module Interface IBaseApplLayer" alt="" coords="9307,5,9421,32">
<area shape="rect" href="org.mixim.modules.application.SensorApplLayer.html" title="Simple Module SensorApplLayer" alt="" coords="9232,80,9355,107">
<area shape="rect" href="org.mixim.modules.application.TestApplication.html" title="Simple Module TestApplication" alt="" coords="9379,80,9491,107">
<area shape="rect" href="org.mixim.modules.application.TrafficGen.html" title="Simple Module TrafficGen" alt="" coords="9515,80,9597,107">
<area shape="rect" href="org.mixim.tests.channelInfo.ChannelInfoTest.html" title="Simple Module ChannelInfoTest" alt="" coords="5793,80,5911,107">
<area shape="rect" href="org.mixim.tests.TestObject.html" title="Simple Module TestObject" alt="" coords="6045,5,6131,32">
<area shape="rect" href="org.mixim.tests.connectionManager.ConnectedBCNodePhyLayer.html" title="Simple Module ConnectedBCNodePhyLayer" alt="" coords="5329,80,5521,107">
<area shape="rect" href="org.mixim.tests.connectionManager.ConnectedRNodePhyLayer.html" title="Simple Module ConnectedRNodePhyLayer" alt="" coords="4657,80,4841,107">
<area shape="rect" href="org.mixim.tests.coord.CoordTest.html" title="Simple Module CoordTest" alt="" coords="5935,80,6017,107">
<area shape="rect" href="org.mixim.tests.decider.DeciderTest.html" title="Simple Module DeciderTest" alt="" coords="6041,80,6135,107">
<area shape="rect" href="org.mixim.tests.power.utils.DeviceDuty.html" title="Simple Module DeviceDuty" alt="" coords="6159,80,6247,107">
<area shape="rect" href="org.mixim.tests.power.utils.DeviceDutySimple.html" title="Simple Module DeviceDutySimple" alt="" coords="6271,80,6401,107">
<area shape="rect" href="org.mixim.tests.connectionManager.NotConnectedBCNodePhyLayer.html" title="Simple Module NotConnectedBCNodePhyLayer" alt="" coords="4865,80,5079,107">
<area shape="rect" href="org.mixim.tests.connectionManager.NotConnectedRNodePhyLayer.html" title="Simple Module NotConnectedRNodePhyLayer" alt="" coords="5103,80,5305,107">
<area shape="rect" href="org.mixim.tests.mapping.MappingTest.html" title="Simple Module MappingTest" alt="" coords="6425,80,6524,107">
<area shape="rect" href="org.mixim.tests.radioState.RadioStateTest.html" title="Simple Module RadioStateTest" alt="" coords="6548,80,6660,107">
<area shape="rect" href="org.mixim.tests.blackboard.StateChanger.html" title="Simple Module StateChanger" alt="" coords="6684,80,6788,107">
<area shape="rect" href="org.mixim.tests.blackboard.StateView.html" title="Simple Module StateView" alt="" coords="6812,80,6892,107">
<area shape="rect" href="org.mixim.tests.blackboard.StateVisualize.html" title="Simple Module StateVisualize" alt="" coords="6916,80,7020,107">
<area shape="rect" href="org.mixim.tests.power.utils.Subscriber.html" title="Simple Module Subscriber" alt="" coords="7044,80,7129,107">
<area shape="rect" href="org.mixim.tests.blackboard.TestStateSub.html" title="Simple Module TestStateSub" alt="" coords="5545,80,5647,107">
<area shape="rect" href="org.mixim.tests.connectionManager.ITestPhyLayer.html" title="Module Interface ITestPhyLayer" alt="" coords="5035,5,5141,32">
<area shape="rect" href="org.mixim.base.connectionManager.ConnectionManager.html" title="Simple Module ConnectionManager" alt="" coords="9621,80,9763,107">
<area shape="rect" href="org.mixim.tests.connectionManager.TestCM.html" title="Simple Module TestCM" alt="" coords="9608,155,9680,181">
<area shape="rect" href="org.mixim.modules.connectionManager.UnitDisk.html" title="Simple Module UnitDisk" alt="" coords="9704,155,9776,181">
<area shape="rect" href="org.mixim.base.connectionManager.IConnectionManager.html" title="Module Interface IConnectionManager" alt="" coords="9620,5,9764,32">
<area shape="rect" href="ned.DatarateChannel.html" title="Channel DatarateChannel" alt="" coords="9788,5,9911,32">
<area shape="rect" href="ned.DelayChannel.html" title="Channel DelayChannel" alt="" coords="9935,5,10039,32">
<area shape="rect" href="org.mixim.modules.node.Host80211.html" title="Compound Module Host80211" alt="" coords="8360,155,8445,181">
<area shape="rect" href="org.mixim.modules.node.WirelessNode.html" title="Compound Module WirelessNode" alt="" coords="8491,80,8595,107">
<area shape="rect" href="org.mixim.modules.node.WirelessNodeBattery.html" title="Compound Module WirelessNodeBattery" alt="" coords="8469,155,8616,181">
<area shape="rect" href="org.mixim.examples.multiConnectionManager.PhyMacHost.html" title="Compound Module PhyMacHost" alt="" coords="8640,155,8736,181">
<area shape="rect" href="org.mixim.modules.node.Host802154_2400MHz.html" title="Compound Module Host802154_2400MHz" alt="" coords="8872,229,9029,256">
<area shape="rect" href="org.mixim.modules.node.WirelessNodeBatteryPlusTran.html" title="Compound Module WirelessNodeBatteryPlusTran" alt="" coords="8851,155,9051,181">
<area shape="rect" href="org.mixim.modules.node.Host802154A.html" title="Compound Module Host802154A" alt="" coords="8320,229,8421,256">
<area shape="rect" href="org.mixim.modules.node.HostBMAC.html" title="Compound Module HostBMAC" alt="" coords="8445,229,8531,256">
<area shape="rect" href="org.mixim.modules.node.HostLMAC.html" title="Compound Module HostLMAC" alt="" coords="8555,229,8640,256">
<area shape="rect" href="org.mixim.tests.power.Nic80211Test.Nic80211TestHost.html" title="Compound Module Nic80211TestHost" alt="" coords="8664,229,8795,256">
<area shape="rect" href="ned.IBidirectionalChannel.html" title="Module Interface IBidirectionalChannel" alt="" coords="10063,5,10209,32">
<area shape="rect" href="ned.IdealChannel.html" title="Channel IdealChannel" alt="" coords="10233,5,10332,32">
<area shape="rect" href="ned.IUnidirectionalChannel.html" title="Module Interface IUnidirectionalChannel" alt="" coords="10356,5,10511,32">
<area shape="rect" href="org.mixim.modules.nic.IWirelessNicUpperCtrl.html" title="Module Interface IWirelessNicUpperCtrl" alt="" coords="10535,5,10687,32">
<area shape="rect" href="org.mixim.modules.nic.WirelessNic.html" title="Compound Module WirelessNic" alt="" coords="10565,80,10656,107">
<area shape="rect" href="org.mixim.modules.nic.Nic80211.html" title="Compound Module Nic80211" alt="" coords="10260,155,10337,181">
<area shape="rect" href="org.mixim.modules.nic.WirelessNicBattery.html" title="Compound Module WirelessNicBattery" alt="" coords="10361,155,10495,181">
<area shape="rect" href="org.mixim.modules.nic.NicCSMA.html" title="Compound Module NicCSMA" alt="" coords="10519,155,10596,181">
<area shape="rect" href="org.mixim.examples.CSMAMac.PhyMacNic.html" title="Compound Module PhyMacNic" alt="" coords="10620,155,10708,181">
<area shape="rect" href="org.mixim.tests.connectionManager.TestNic.html" title="Compound Module TestNic" alt="" coords="10732,155,10804,181">
<area shape="rect" href="org.mixim.modules.nic.Nic80211Battery.html" title="Compound Module Nic80211Battery" alt="" coords="9841,229,9961,256">
<area shape="rect" href="org.mixim.modules.nic.Nic80211MultiChannel.html" title="Compound Module Nic80211MultiChannel" alt="" coords="9985,229,10140,256">
<area shape="rect" href="org.mixim.modules.nic.Nic802154_TI_CC1100.html" title="Compound Module Nic802154_TI_CC1100" alt="" coords="10164,229,10324,256">
<area shape="rect" href="org.mixim.modules.nic.Nic802154_TI_CC2420.html" title="Compound Module Nic802154_TI_CC2420" alt="" coords="10348,229,10508,256">
<area shape="rect" href="org.mixim.modules.nic.Nic802154A.html" title="Compound Module Nic802154A" alt="" coords="10532,229,10625,256">
<area shape="rect" href="org.mixim.modules.nic.NicBMAC.html" title="Compound Module NicBMAC" alt="" coords="10649,229,10727,256">
<area shape="rect" href="org.mixim.modules.nic.NicLMAC.html" title="Compound Module NicLMAC" alt="" coords="10751,229,10828,256">
<area shape="rect" href="org.mixim.modules.node.WirelessNodeNetwl.html" title="Compound Module WirelessNodeNetwl" alt="" coords="8519,5,8655,32">
<area shape="rect" href="org.mixim.modules.node.WirelessNodeBatteryNetwl.html" title="Compound Module WirelessNodeBatteryNetwl" alt="" coords="8669,80,8848,107">
<area shape="rect" href="org.mixim.modules.node.WirelessNodePlusTran.html" title="Compound Module WirelessNodePlusTran" alt="" coords="8872,80,9029,107">
<area shape="rect" href="org.mixim.modules.utility.phyPER.html" title="Simple Module phyPER" alt="" coords="10711,5,10783,32">
<area shape="rect" href="org.mixim.tests.power.deviceTestMulti.PowerDuoTestHost.html" title="Compound Module PowerDuoTestHost" alt="" coords="7888,155,8024,181">
<area shape="rect" href="org.mixim.tests.power.deviceTestAccts.PowerTestHost.html" title="Compound Module PowerTestHost" alt="" coords="8048,155,8160,181">
<area shape="rect" href="org.mixim.tests.power.deviceTestAll.PowerTrippleTestHost.html" title="Compound Module PowerTrippleTestHost" alt="" coords="8184,155,8336,181">
<area shape="rect" href="org.mixim.modules.utility.SimTracer.html" title="Simple Module SimTracer" alt="" coords="10807,5,10889,32">
