<area shape="rect" href="org.mixim.base.modules.BaseNetwLayer.html" title="Simple Module BaseNetwLayer" alt="" coords="435,80,549,107">
<area shape="rect" href="org.mixim.modules.netw.DummyRoute.html" title="Simple Module DummyRoute" alt="" coords="5,155,107,181">
<area shape="rect" href="org.mixim.modules.netw.Flood.html" title="Simple Module Flood" alt="" coords="131,155,203,181">
<area shape="rect" href="org.mixim.examples.ieee802154Narrow.NetworkStackTrafficGen.html" title="Simple Module NetworkStackTrafficGen" alt="" coords="227,155,392,181">
<area shape="rect" href="org.mixim.modules.netw.ProbabilisticBroadcast.html" title="Simple Module ProbabilisticBroadcast" alt="" coords="416,155,568,181">
<area shape="rect" href="org.mixim.examples.CSMAMac.SimpleNetwLayer.html" title="Simple Module SimpleNetwLayer" alt="" coords="592,155,717,181">
<area shape="rect" href="org.mixim.tests.nicTest.TestApp.html" title="Simple Module TestApp" alt="" coords="741,155,813,181">
<area shape="rect" href="org.mixim.modules.netw.WiseRoute.html" title="Simple Module WiseRoute" alt="" coords="837,155,923,181">
<area shape="rect" href="org.mixim.base.modules.BaseLayer.html" title="Simple Module BaseLayer" alt="" coords="387,5,472,32">
<area shape="rect" href="org.mixim.base.modules.IBaseNetwLayer.html" title="Module Interface IBaseNetwLayer" alt="" coords="496,5,613,32">
