<area shape="rect" href="org.mixim.examples.baseNetwork.BaseNetwork.html" title="Network BaseNetwork" alt="" coords="920,5,1019,32">
<area shape="rect" href="org.mixim.examples.analogueModels.AnalogueModels.html" title="Network AnalogueModels" alt="" coords="5,80,125,107">
<area shape="rect" href="org.mixim.examples.BaseMoBANNetwork.BaseMoBANNetwork.html" title="Network BaseMoBANNetwork" alt="" coords="149,80,296,107">
<area shape="rect" href="org.mixim.examples.bmac.BMACExampleNetwork.html" title="Network BMACExampleNetwork" alt="" coords="320,80,480,107">
<area shape="rect" href="org.mixim.examples.CSMAMac.CSMAMacExampleNetwork.html" title="Network CSMAMacExampleNetwork" alt="" coords="504,80,688,107">
<area shape="rect" href="org.mixim.tests.ExtTestNetwork.html" title="Network ExtTestNetwork" alt="" coords="712,80,827,107">
<area shape="rect" href="org.mixim.examples.ieee802154a.ieee802154a.html" title="Network ieee802154a" alt="" coords="851,80,949,107">
<area shape="rect" href="org.mixim.examples.ieee802154Narrow.ieee802154Narrow.html" title="Network ieee802154Narrow" alt="" coords="973,80,1107,107">
<area shape="rect" href="org.mixim.examples.lmac.LMACExampleNetwork.html" title="Network LMACExampleNetwork" alt="" coords="1131,80,1288,107">
<area shape="rect" href="org.mixim.examples.Mac80211.Mac80211ExampleNet.html" title="Network Mac80211ExampleNet" alt="" coords="1312,80,1467,107">
<area shape="rect" href="org.mixim.examples.multiConnectionManager.MultiConnectionManager.html" title="Network MultiConnectionManager" alt="" coords="1491,80,1659,107">
<area shape="rect" href="org.mixim.tests.power.Nic80211Test.Nic80211PowerTest.html" title="Network Nic80211PowerTest" alt="" coords="1683,80,1824,107">
<area shape="rect" href="org.mixim.examples.WSNRouting.WSNRouting.html" title="Network WSNRouting" alt="" coords="1848,80,1947,107">
